= Minimal webapp

This is a Spring Fu example of a minimal webapp with filtered classpath.

Spring Fu `-verbose:gc` logs are:

 [0.011s][info][gc] Using G1
 [0,494s][info][gc] GC(0) Pause Young (G1 Evacuation Pause) 24M->3M(500M) 2,955ms
 [0,898s][info][gc] GC(1) Pause Initial Mark (Metadata GC Threshold) 44M->6M(500M) 3,155ms
 [0,898s][info][gc] GC(2) Concurrent Cycle
 [0,901s][info][gc] GC(2) Pause Remark 7M->7M(500M) 1,614ms
 [0,901s][info][gc] GC(2) Pause Cleanup 7M->7M(500M) 0,183ms
 [0,903s][info][gc] GC(2) Concurrent Cycle 5,465ms
 Started in 0.719 seconds (JVM running for 0.963)


Spring Boot 2.0.3 (Kotlin with `spring-boot-starter-webflux` and `spring-boot-starter-json` excluded) `-verbose:gc` logs are:

 [0.006s][info][gc] Using G1
 [0,380s][info][gc] GC(0) Pause Young (G1 Evacuation Pause) 24M->2M(500M) 2,882ms
 [0,824s][info][gc] GC(1) Pause Initial Mark (Metadata GC Threshold) 86M->7M(500M) 5,057ms
 [0,824s][info][gc] GC(2) Concurrent Cycle
 [0,835s][info][gc] GC(2) Pause Remark 9M->9M(500M) 5,258ms
 [0,835s][info][gc] GC(2) Pause Cleanup 9M->9M(500M) 0,189ms
 [0,837s][info][gc] GC(2) Concurrent Cycle 12,718ms
 [1,480s][info][gc] GC(3) Pause Young (G1 Evacuation Pause) 119M->11M(500M) 8,935ms
 Started in 1.621 seconds (JVM running for 2.067)

Spring Boot 2.1 upcoming performance optimizations are likely to make functional configuration and `@Configuration` closer in term of startup time, CPU and memory consumption.